---
source: crates/devup-mcp-devup-ui/tests/compat_fixtures.rs
expression: output
---
{
  "tsx": "import { Flex, Text } from \"@devup-ui/react\";\n\nexport function FixtureCard() {\n  return (\n    <Flex w=\"320px\" h=\"120px\" flexDir=\"column\" gap=\"8px\" p=\"16px\" bg=\"#ffffff\">\n      <Text fontSize=\"16px\" lineHeight=\"24px\">Fixture</Text>\n    </Flex>\n  );\n}\n",
  "imports": [
    "Flex",
    "Text"
  ],
  "usedTokens": [],
  "diagnostics": []
}
