---
source: crates/devup-mcp-devup-ui/tests/compat_fixtures.rs
expression: actual
---

"<Text
  WebkitBoxOrient="vertical"
  WebkitLineClamp="3"
  boxSize="100%"
  color="#F00"
  display="-webkit-box"
  fontFamily="Arial"
  fontSize="16px"
  fontWeight="400"
  letterSpacing="0px"
  lineHeight="1.5px"
>
  Three lines of text
</Text>"
