---
source: crates/devup-mcp-devup-ui/tests/compat_fixtures.rs
expression: actual
---
"<Box bg="linear-gradient(to bottom right, #F00 0%, #00F 50%) bottom right / 50.1% 50.1% no-repeat, linear-gradient(to bottom left, #F00 0%, #00F 50%) bottom left / 50.1% 50.1% no-repeat, linear-gradient(to top left, #F00 0%, #00F 50%) top left / 50.1% 50.1% no-repeat, linear-gradient(to top right, #F00 0%, #00F 50%) top right / 50.1% 50.1% no-repeat" boxSize="100px" />"
