---
source: crates/devup-mcp-devup-ui/tests/compat_fixtures.rs
expression: actual
---

"export function TextWithAutoLayout() {
  return (
    <Flex alignItems="center" gap="10px" px="20px" py="10px">
      <Text
        color="#FFF"
        fontFamily="Inter"
        fontSize="12px"
        fontWeight="400"
        letterSpacing="0em"
        lineHeight="normal"
      >
        Hello World
      </Text>
      <Text
        color="#FFF"
        fontFamily="Inter"
        fontSize="12px"
        fontWeight="400"
        letterSpacing="0em"
        lineHeight="normal"
      >
        Lorem ipsum dolor sit amet, consectetur adipiscing elit.
      </Text>
    </Flex>
  )
}"
