---
source: crates/devup-mcp-devup-ui/tests/wquw_151.rs
assertion_line: 177
expression: json!(output.diagnostics)
---
[
  {
    "code": "DEVUP_CODEGEN_PLACEMENT_CONTRACT",
    "message": "Root placement contract: inspect the coordinate basis and host requirements before inserting this TSX.",
    "nodeId": "3879:35518",
    "severity": "info",
    "fidelityImpact": "none",
    "property": "placement",
    "details": {
      "rootLayout": "standalone",
      "parentId": "3686:1678",
      "parentCollected": false,
      "parentIncludedInOutput": false,
      "parentMissingReason": "The root is at the capture boundary; its parent geometry was not collected.",
      "containingBlock": "generated-root",
      "coordinateBasis": "The root is inserted in normal document flow; source canvas x/y are not its placement in the application. Positioned children resolve against the generated root when it establishes a containing block.",
      "sourceSize": {
        "width": 360.0,
        "height": 740.0,
        "horizontal": "FIXED",
        "vertical": "FIXED"
      },
      "sourcePosition": {
        "x": 8946.0,
        "y": 10200.0,
        "constraints": {
          "horizontal": "MIN",
          "vertical": "MIN"
        }
      },
      "sourceParentSize": null,
      "generatedRoot": "<VStack\n      bg=\"$backgroundLight\"\n      h=\"740px\"\n      overflow=\"hidden\"\n      pos=\"relative\"\n      w=\"360px\"\n    >",
      "hostRequirements": [],
      "classification": "placement-contract",
      "nextAction": "Insert in normal flow using the emitted root props. External parent placement is outside this capture.",
      "evidenceLimit": "This is a generated CSS placement contract, not a measured browser or responsive equivalence result."
    }
  },
  {
    "code": "DEVUP_CODEGEN_ABSOLUTE_VERIFIED",
    "message": "Absolute dimensions and constraint props verified against collected geometry.",
    "nodeId": "3879:35540",
    "fidelityImpact": "none",
    "property": "layoutPositioning",
    "details": {
      "originalValue": {
        "nodeId": "3879:35540",
        "nodeType": "FRAME",
        "parentId": "3879:35537",
        "x": 280,
        "y": 8,
        "width": 40,
        "height": 40,
        "rotation": 0,
        "relativeTransform": null,
        "absoluteTransform": null,
        "absoluteBoundingBox": null,
        "absoluteRenderBounds": null,
        "constraints": {
          "horizontal": "MAX",
          "vertical": "MIN"
        },
        "layoutPositioning": "ABSOLUTE",
        "layoutMode": "HORIZONTAL",
        "layoutSizingHorizontal": "HUG",
        "layoutSizingVertical": "HUG",
        "layoutAlign": null,
        "layoutGrow": null,
        "inferredAutoLayout": {
          "counterAxisAlignItems": "CENTER",
          "counterAxisSizingMode": "AUTO",
          "itemSpacing": 6,
          "layoutAlign": "INHERIT",
          "layoutGrow": 0,
          "layoutMode": "HORIZONTAL",
          "layoutPositioning": "ABSOLUTE",
          "paddingBottom": 10,
          "paddingLeft": 10,
          "paddingRight": 10,
          "paddingTop": 10,
          "primaryAxisAlignItems": "MIN",
          "primaryAxisSizingMode": "AUTO"
        },
        "paddingTop": 10,
        "paddingRight": 10,
        "paddingBottom": 10,
        "paddingLeft": 10,
        "itemSpacing": 6,
        "primaryAxisAlignItems": "MIN",
        "counterAxisAlignItems": "CENTER",
        "minWidth": null,
        "maxWidth": null,
        "minHeight": null,
        "maxHeight": null,
        "clipsContent": false,
        "isMask": false,
        "maskType": null,
        "visible": true,
        "opacity": 1,
        "effects": [],
        "fills": [],
        "missingFields": [
          "absoluteBoundingBox"
        ],
        "missingValueReason": "Null means absent or null in the collected source; it is not a zero, default constraint, or verified mapping.",
        "parent": {
          "nodeId": "3879:35537",
          "nodeType": "FRAME",
          "parentId": "3879:35519",
          "x": 16,
          "y": 573,
          "width": 328,
          "height": 144,
          "rotation": 0,
          "relativeTransform": null,
          "absoluteTransform": null,
          "absoluteBoundingBox": null,
          "absoluteRenderBounds": null,
          "constraints": {
            "horizontal": "MIN",
            "vertical": "MIN"
          },
          "layoutPositioning": "AUTO",
          "layoutMode": "VERTICAL",
          "layoutSizingHorizontal": "FILL",
          "layoutSizingVertical": "HUG",
          "layoutAlign": null,
          "layoutGrow": null,
          "inferredAutoLayout": {
            "counterAxisAlignItems": "MIN",
            "counterAxisSizingMode": "FIXED",
            "itemSpacing": 8,
            "layoutAlign": "STRETCH",
            "layoutGrow": 0,
            "layoutMode": "VERTICAL",
            "layoutPositioning": "AUTO",
            "paddingBottom": 16,
            "paddingLeft": 16,
            "paddingRight": 16,
            "paddingTop": 16,
            "primaryAxisAlignItems": "MIN",
            "primaryAxisSizingMode": "AUTO"
          },
          "paddingTop": 16,
          "paddingRight": 16,
          "paddingBottom": 16,
          "paddingLeft": 16,
          "itemSpacing": 8,
          "primaryAxisAlignItems": "MIN",
          "counterAxisAlignItems": "MIN",
          "minWidth": null,
          "maxWidth": null,
          "minHeight": null,
          "maxHeight": null,
          "clipsContent": false,
          "isMask": false,
          "maskType": null,
          "visible": true,
          "opacity": 1,
          "effects": [],
          "fills": [
            {
              "blendMode": "NORMAL",
              "boundVariables": {
                "color": {
                  "id": "VariableID:1:999",
                  "type": "VARIABLE_ALIAS"
                }
              },
              "color": {
                "b": 0.9244915843009948,
                "g": 0.9529501795768738,
                "r": 0.9695512056350708
              },
              "opacity": 1,
              "type": "SOLID",
              "visible": true
            }
          ],
          "missingFields": [
            "absoluteBoundingBox"
          ],
          "missingValueReason": "Null means absent or null in the collected source; it is not a zero, default constraint, or verified mapping."
        },
        "parentMissingReason": null,
        "parentRelativeBounds": {
          "x": 280.0,
          "y": 8.0,
          "width": 40.0,
          "height": 40.0,
          "basis": "collected x/y in the parent coordinate system"
        },
        "children": [
          {
            "nodeId": "3879:35541",
            "nodeType": "FRAME",
            "parentId": "3879:35540",
            "x": 30,
            "y": 10,
            "width": 20,
            "height": 20,
            "rotation": -180,
            "relativeTransform": null,
            "absoluteTransform": null,
            "absoluteBoundingBox": null,
            "absoluteRenderBounds": null,
            "constraints": {
              "horizontal": "MIN",
              "vertical": "MIN"
            },
            "layoutPositioning": "AUTO",
            "layoutMode": "NONE",
            "layoutSizingHorizontal": "FIXED",
            "layoutSizingVertical": "FIXED",
            "layoutAlign": null,
            "layoutGrow": null,
            "inferredAutoLayout": null,
            "paddingTop": 0,
            "paddingRight": 0,
            "paddingBottom": 0,
            "paddingLeft": 0,
            "itemSpacing": 0,
            "primaryAxisAlignItems": "MIN",
            "counterAxisAlignItems": "MIN",
            "minWidth": null,
            "maxWidth": null,
            "minHeight": null,
            "maxHeight": null,
            "clipsContent": false,
            "isMask": false,
            "maskType": null,
            "visible": true,
            "opacity": 1,
            "effects": [],
            "fills": [],
            "missingFields": [
              "absoluteBoundingBox"
            ],
            "missingValueReason": "Null means absent or null in the collected source; it is not a zero, default constraint, or verified mapping."
          }
        ],
        "childCount": 1,
        "childrenTruncated": false
      },
      "originalResourceId": null,
      "appliedValue": {
        "generatedSource": [
          "      <Flex\n            alignItems=\"center\"\n            borderRadius=\"1000px\"\n            p=\"10px\"\n            pos=\"absolute\"\n            right=\"8px\"\n            top=\"8px\"\n          >\n            <Box\n              aspectRatio=\"1\"\n              bg=\"$text\"\n              boxSize=\"20px\"\n              maskImage=\"url(/icons/Icons.svg)\"\n              maskPos=\"center\"\n              maskRepeat=\"no-repeat\"\n              maskSize=\"contain\"\n              transform=\"rotate(180deg)\"\n            />\n          </Flex>"
        ],
        "fallback": null,
        "heightPreservation": {
          "sourceSizing": "HUG",
          "sourceHeight": 40.0,
          "state": "not-fixed",
          "basis": "Generated explicit height; derived padding alone is not a fixed-height guarantee."
        },
        "derivedPadding": null,
        "widthPreservation": {
          "state": "verified",
          "fidelityImpact": "none",
          "sourceSizing": "HUG",
          "sourceValue": 40.0,
          "generatedValue": null,
          "reason": "Source HUG is emitted as intrinsic size on a matching auto-layout container without dimension overrides; this verifies sizing intent, not measured pixels.",
          "resolutionCondition": "Verify the emitted dimension against source sizing; percentage sizing also requires a proven containing-block size and responsive relation.",
          "sourceFields": [
            "width",
            "layoutSizingHorizontal",
            "layoutPositioning",
            "parentId",
            "parent.width",
            "parent.layoutSizingHorizontal"
          ],
          "parentGeneratedValue": "100%",
          "resolvedPixels": null,
          "calculation": "No explicit width on a matching HUG auto-layout container; intrinsic sizing intent is verified without resolving pixels."
        }
      },
      "evidenceLimit": "Generated source and collected geometry are comparison evidence, not measured browser layout or proof of responsive equivalence.",
      "stage": "projection",
      "components": {
        "height": {
          "state": "verified",
          "fidelityImpact": "none",
          "sourceSizing": "HUG",
          "sourceValue": 40.0,
          "generatedValue": null,
          "reason": "Source HUG is emitted as intrinsic size on a matching auto-layout container without dimension overrides; this verifies sizing intent, not measured pixels.",
          "resolutionCondition": "Verify the emitted dimension against source sizing; percentage sizing also requires a proven containing-block size and responsive relation."
        },
        "width": {
          "state": "verified",
          "fidelityImpact": "none",
          "sourceSizing": "HUG",
          "sourceValue": 40.0,
          "generatedValue": null,
          "reason": "Source HUG is emitted as intrinsic size on a matching auto-layout container without dimension overrides; this verifies sizing intent, not measured pixels.",
          "resolutionCondition": "Verify the emitted dimension against source sizing; percentage sizing also requires a proven containing-block size and responsive relation.",
          "sourceFields": [
            "width",
            "layoutSizingHorizontal",
            "layoutPositioning",
            "parentId",
            "parent.width",
            "parent.layoutSizingHorizontal"
          ],
          "parentGeneratedValue": "100%",
          "resolvedPixels": null,
          "calculation": "No explicit width on a matching HUG auto-layout container; intrinsic sizing intent is verified without resolving pixels."
        },
        "horizontal": {
          "state": "verified",
          "fidelityImpact": "none",
          "constraint": "MAX",
          "constraintDeclared": true,
          "sourceOffset": 280.0,
          "sourceSize": 40.0,
          "parentSize": 328.0,
          "generatedProperty": "right",
          "generatedValue": "8px",
          "transform": null,
          "reason": "Collected offset and emitted CSS agree in the emitted immediate positioned parent; without a declared constraint only the captured local offset is verified.",
          "resolutionCondition": "Collect error-free local geometry and constraints; establish the emitted immediate containing block; verify MIN offset, zero CENTER offset with exact translation, or MAX margin with verified sizing, without conflicting props."
        },
        "vertical": {
          "state": "verified",
          "fidelityImpact": "none",
          "constraint": "MIN",
          "constraintDeclared": true,
          "sourceOffset": 8.0,
          "sourceSize": 40.0,
          "parentSize": 144.0,
          "generatedProperty": "top",
          "generatedValue": "8px",
          "transform": null,
          "reason": "Collected offset and emitted CSS agree in the emitted immediate positioned parent; without a declared constraint only the captured local offset is verified.",
          "resolutionCondition": "Collect error-free local geometry and constraints; establish the emitted immediate containing block; verify MIN offset, zero CENTER offset with exact translation, or MAX margin with verified sizing, without conflicting props."
        },
        "containingBlock": {
          "parentId": "3879:35537",
          "generatedParent": "    <VStack\n          bg=\"$background\"\n          borderRadius=\"12px\"\n          gap=\"8px\"\n          p=\"16px\"\n          pos=\"relative\"\n          w=\"100%\"\n        ",
          "generatedChild": "      <Flex\n            alignItems=\"center\"\n            borderRadius=\"1000px\"\n            p=\"10px\"\n            pos=\"absolute\"\n            right=\"8px\"\n            top=\"8px\"\n          "
        }
      },
      "componentSummary": {
        "verified": [
          "height",
          "width",
          "horizontal",
          "vertical"
        ],
        "unresolved": []
      },
      "resolutionConditions": [],
      "classification": "verified-absolute-components"
    }
  },
  {
    "code": "DEVUP_CODEGEN_ABSOLUTE_VERIFIED",
    "message": "Absolute dimensions and constraint props verified against collected geometry.",
    "nodeId": "3879:35564",
    "fidelityImpact": "none",
    "property": "layoutPositioning",
    "details": {
      "originalValue": {
        "nodeId": "3879:35564",
        "nodeType": "FRAME",
        "parentId": "3879:35518",
        "x": 0,
        "y": 673,
        "width": 360,
        "height": 67,
        "rotation": 0,
        "relativeTransform": null,
        "absoluteTransform": null,
        "absoluteBoundingBox": null,
        "absoluteRenderBounds": null,
        "constraints": {
          "horizontal": "MIN",
          "vertical": "MAX"
        },
        "layoutPositioning": "ABSOLUTE",
        "layoutMode": "HORIZONTAL",
        "layoutSizingHorizontal": "FIXED",
        "layoutSizingVertical": "HUG",
        "layoutAlign": null,
        "layoutGrow": null,
        "inferredAutoLayout": {
          "counterAxisAlignItems": "CENTER",
          "counterAxisSizingMode": "AUTO",
          "itemSpacing": 4,
          "layoutAlign": "INHERIT",
          "layoutGrow": 0,
          "layoutMode": "HORIZONTAL",
          "layoutPositioning": "ABSOLUTE",
          "paddingBottom": 8,
          "paddingLeft": 10,
          "paddingRight": 10,
          "paddingTop": 8,
          "primaryAxisAlignItems": "SPACE_BETWEEN",
          "primaryAxisSizingMode": "FIXED"
        },
        "paddingTop": 8,
        "paddingRight": 10,
        "paddingBottom": 8,
        "paddingLeft": 10,
        "itemSpacing": 4,
        "primaryAxisAlignItems": "SPACE_BETWEEN",
        "counterAxisAlignItems": "CENTER",
        "minWidth": null,
        "maxWidth": null,
        "minHeight": null,
        "maxHeight": null,
        "clipsContent": true,
        "isMask": false,
        "maskType": null,
        "visible": true,
        "opacity": 1,
        "effects": [],
        "fills": [
          {
            "blendMode": "NORMAL",
            "boundVariables": {
              "color": {
                "id": "VariableID:1:1000",
                "type": "VARIABLE_ALIAS"
              }
            },
            "color": {
              "b": 1,
              "g": 1,
              "r": 1
            },
            "opacity": 1,
            "type": "SOLID",
            "visible": true
          }
        ],
        "missingFields": [
          "absoluteBoundingBox"
        ],
        "missingValueReason": "Null means absent or null in the collected source; it is not a zero, default constraint, or verified mapping.",
        "parent": {
          "nodeId": "3879:35518",
          "nodeType": "FRAME",
          "parentId": "3686:1678",
          "x": 8946,
          "y": 10200,
          "width": 360,
          "height": 740,
          "rotation": 0,
          "relativeTransform": null,
          "absoluteTransform": null,
          "absoluteBoundingBox": null,
          "absoluteRenderBounds": null,
          "constraints": {
            "horizontal": "MIN",
            "vertical": "MIN"
          },
          "layoutPositioning": "AUTO",
          "layoutMode": "VERTICAL",
          "layoutSizingHorizontal": "FIXED",
          "layoutSizingVertical": "FIXED",
          "layoutAlign": null,
          "layoutGrow": null,
          "inferredAutoLayout": {
            "counterAxisAlignItems": "MIN",
            "counterAxisSizingMode": "FIXED",
            "itemSpacing": 0,
            "layoutAlign": "INHERIT",
            "layoutGrow": 0,
            "layoutMode": "VERTICAL",
            "layoutPositioning": "AUTO",
            "paddingBottom": 0,
            "paddingLeft": 0,
            "paddingRight": 0,
            "paddingTop": 0,
            "primaryAxisAlignItems": "MIN",
            "primaryAxisSizingMode": "FIXED"
          },
          "paddingTop": 0,
          "paddingRight": 0,
          "paddingBottom": 0,
          "paddingLeft": 0,
          "itemSpacing": 0,
          "primaryAxisAlignItems": "MIN",
          "counterAxisAlignItems": "MIN",
          "minWidth": null,
          "maxWidth": null,
          "minHeight": null,
          "maxHeight": null,
          "clipsContent": true,
          "isMask": false,
          "maskType": null,
          "visible": true,
          "opacity": 1,
          "effects": [],
          "fills": [
            {
              "blendMode": "NORMAL",
              "boundVariables": {
                "color": {
                  "id": "VariableID:17:1548",
                  "type": "VARIABLE_ALIAS"
                }
              },
              "color": {
                "b": 0.9586742520332336,
                "g": 0.96465665102005,
                "r": 0.9695513844490052
              },
              "opacity": 1,
              "type": "SOLID",
              "visible": true
            }
          ],
          "missingFields": [
            "absoluteBoundingBox"
          ],
          "missingValueReason": "Null means absent or null in the collected source; it is not a zero, default constraint, or verified mapping."
        },
        "parentMissingReason": null,
        "parentRelativeBounds": {
          "x": 0.0,
          "y": 673.0,
          "width": 360.0,
          "height": 67.0,
          "basis": "collected x/y in the parent coordinate system"
        },
        "children": [
          {
            "nodeId": "3879:35565",
            "nodeType": "FRAME",
            "parentId": "3879:35564",
            "x": 10,
            "y": 8,
            "width": 106,
            "height": 51,
            "rotation": 0,
            "relativeTransform": null,
            "absoluteTransform": null,
            "absoluteBoundingBox": null,
            "absoluteRenderBounds": null,
            "constraints": {
              "horizontal": "MIN",
              "vertical": "MIN"
            },
            "layoutPositioning": "AUTO",
            "layoutMode": "HORIZONTAL",
            "layoutSizingHorizontal": "HUG",
            "layoutSizingVertical": "HUG",
            "layoutAlign": null,
            "layoutGrow": null,
            "inferredAutoLayout": {
              "counterAxisAlignItems": "CENTER",
              "counterAxisSizingMode": "AUTO",
              "itemSpacing": 10,
              "layoutAlign": "INHERIT",
              "layoutGrow": 0,
              "layoutMode": "HORIZONTAL",
              "layoutPositioning": "AUTO",
              "paddingBottom": 10,
              "paddingLeft": 20,
              "paddingRight": 20,
              "paddingTop": 10,
              "primaryAxisAlignItems": "CENTER",
              "primaryAxisSizingMode": "AUTO"
            },
            "paddingTop": 10,
            "paddingRight": 20,
            "paddingBottom": 10,
            "paddingLeft": 20,
            "itemSpacing": 10,
            "primaryAxisAlignItems": "CENTER",
            "counterAxisAlignItems": "CENTER",
            "minWidth": null,
            "maxWidth": null,
            "minHeight": null,
            "maxHeight": null,
            "clipsContent": false,
            "isMask": false,
            "maskType": null,
            "visible": true,
            "opacity": 1,
            "effects": [],
            "fills": [
              {
                "blendMode": "NORMAL",
                "boundVariables": {
                  "color": {
                    "id": "VariableID:68:6122",
                    "type": "VARIABLE_ALIAS"
                  }
                },
                "color": {
                  "b": 1,
                  "g": 1,
                  "r": 1
                },
                "opacity": 1,
                "type": "SOLID",
                "visible": true
              }
            ],
            "missingFields": [
              "absoluteBoundingBox"
            ],
            "missingValueReason": "Null means absent or null in the collected source; it is not a zero, default constraint, or verified mapping."
          },
          {
            "nodeId": "3879:35567",
            "nodeType": "FRAME",
            "parentId": "3879:35564",
            "x": 244,
            "y": 8,
            "width": 106,
            "height": 51,
            "rotation": 0,
            "relativeTransform": null,
            "absoluteTransform": null,
            "absoluteBoundingBox": null,
            "absoluteRenderBounds": null,
            "constraints": {
              "horizontal": "MIN",
              "vertical": "MIN"
            },
            "layoutPositioning": "AUTO",
            "layoutMode": "HORIZONTAL",
            "layoutSizingHorizontal": "HUG",
            "layoutSizingVertical": "HUG",
            "layoutAlign": null,
            "layoutGrow": null,
            "inferredAutoLayout": {
              "counterAxisAlignItems": "CENTER",
              "counterAxisSizingMode": "AUTO",
              "itemSpacing": 10,
              "layoutAlign": "INHERIT",
              "layoutGrow": 0,
              "layoutMode": "HORIZONTAL",
              "layoutPositioning": "AUTO",
              "paddingBottom": 10,
              "paddingLeft": 20,
              "paddingRight": 20,
              "paddingTop": 10,
              "primaryAxisAlignItems": "CENTER",
              "primaryAxisSizingMode": "AUTO"
            },
            "paddingTop": 10,
            "paddingRight": 20,
            "paddingBottom": 10,
            "paddingLeft": 20,
            "itemSpacing": 10,
            "primaryAxisAlignItems": "CENTER",
            "counterAxisAlignItems": "CENTER",
            "minWidth": null,
            "maxWidth": null,
            "minHeight": null,
            "maxHeight": null,
            "clipsContent": false,
            "isMask": false,
            "maskType": null,
            "visible": true,
            "opacity": 1,
            "effects": [],
            "fills": [
              {
                "blendMode": "NORMAL",
                "boundVariables": {
                  "color": {
                    "id": "VariableID:1:995",
                    "type": "VARIABLE_ALIAS"
                  }
                },
                "color": {
                  "b": 0.1764705926179886,
                  "g": 0.1764705926179886,
                  "r": 0.4588235318660736
                },
                "opacity": 1,
                "type": "SOLID",
                "visible": true
              }
            ],
            "missingFields": [
              "absoluteBoundingBox"
            ],
            "missingValueReason": "Null means absent or null in the collected source; it is not a zero, default constraint, or verified mapping."
          }
        ],
        "childCount": 2,
        "childrenTruncated": false
      },
      "originalResourceId": null,
      "appliedValue": {
        "generatedSource": [
          "  <Flex\n        alignItems=\"center\"\n        bg=\"$containerBackground\"\n        borderTop=\"solid 1px $border\"\n        bottom=\"0px\"\n        justifyContent=\"space-between\"\n        left=\"0px\"\n        overflow=\"hidden\"\n        pos=\"absolute\"\n        px=\"10px\"\n        py=\"8px\"\n        w=\"100%\"\n      >\n        <Center\n          bg=\"$innerBg\"\n          border=\"solid 1px $borderBold\"\n          borderRadius=\"10px\"\n          px=\"19px\"\n          py=\"9px\"\n        >\n          <Text color=\"$text\" typography=\"bodySemibold\" wordBreak=\"keep-all\">\n            편집 설정\n          </Text>\n        </Center>\n        <Center bg=\"$primary\" borderRadius=\"10px\" px=\"20px\" py=\"10px\">\n          <Text color=\"#FFF\" typography=\"bodySemibold\" wordBreak=\"keep-all\">\n            검토 완료\n          </Text>\n        </Center>\n      </Flex>"
        ],
        "fallback": null,
        "heightPreservation": {
          "sourceSizing": "HUG",
          "sourceHeight": 67.0,
          "state": "not-fixed",
          "basis": "Generated explicit height; derived padding alone is not a fixed-height guarantee."
        },
        "derivedPadding": null,
        "widthPreservation": {
          "state": "verified",
          "fidelityImpact": "none",
          "sourceSizing": "FIXED",
          "sourceValue": 360.0,
          "generatedValue": "100%",
          "reason": "Absolute percentage resolves to the collected FIXED width in the emitted immediate positioned parent with equal explicit FIXED pixels, no parent padding/borders or dimension overrides.",
          "resolutionCondition": "Verify the emitted dimension against source sizing; percentage sizing also requires a proven containing-block size and responsive relation.",
          "sourceFields": [
            "width",
            "layoutSizingHorizontal",
            "layoutPositioning",
            "parentId",
            "parent.width",
            "parent.layoutSizingHorizontal"
          ],
          "parentGeneratedValue": "360px",
          "resolvedPixels": 360.0,
          "calculation": "For a proven containing block: resolved width = 100 / 100 * generated parent width in px = source FIXED width. Unknown or unequal parent widths, read errors, non-FIXED sizing and conflicting dimension props do not establish this relation."
        }
      },
      "evidenceLimit": "Generated source and collected geometry are comparison evidence, not measured browser layout or proof of responsive equivalence.",
      "stage": "projection",
      "components": {
        "height": {
          "state": "verified",
          "fidelityImpact": "none",
          "sourceSizing": "HUG",
          "sourceValue": 67.0,
          "generatedValue": null,
          "reason": "Source HUG is emitted as intrinsic size on a matching auto-layout container without dimension overrides; this verifies sizing intent, not measured pixels.",
          "resolutionCondition": "Verify the emitted dimension against source sizing; percentage sizing also requires a proven containing-block size and responsive relation."
        },
        "width": {
          "state": "verified",
          "fidelityImpact": "none",
          "sourceSizing": "FIXED",
          "sourceValue": 360.0,
          "generatedValue": "100%",
          "reason": "Absolute percentage resolves to the collected FIXED width in the emitted immediate positioned parent with equal explicit FIXED pixels, no parent padding/borders or dimension overrides.",
          "resolutionCondition": "Verify the emitted dimension against source sizing; percentage sizing also requires a proven containing-block size and responsive relation.",
          "sourceFields": [
            "width",
            "layoutSizingHorizontal",
            "layoutPositioning",
            "parentId",
            "parent.width",
            "parent.layoutSizingHorizontal"
          ],
          "parentGeneratedValue": "360px",
          "resolvedPixels": 360.0,
          "calculation": "For a proven containing block: resolved width = 100 / 100 * generated parent width in px = source FIXED width. Unknown or unequal parent widths, read errors, non-FIXED sizing and conflicting dimension props do not establish this relation."
        },
        "horizontal": {
          "state": "verified",
          "fidelityImpact": "none",
          "constraint": "MIN",
          "constraintDeclared": true,
          "sourceOffset": 0.0,
          "sourceSize": 360.0,
          "parentSize": 360.0,
          "generatedProperty": "left",
          "generatedValue": "0px",
          "transform": null,
          "reason": "Collected offset and emitted CSS agree in the emitted immediate positioned parent; without a declared constraint only the captured local offset is verified.",
          "resolutionCondition": "Collect error-free local geometry and constraints; establish the emitted immediate containing block; verify MIN offset, zero CENTER offset with exact translation, or MAX margin with verified sizing, without conflicting props."
        },
        "vertical": {
          "state": "verified",
          "fidelityImpact": "none",
          "constraint": "MAX",
          "constraintDeclared": true,
          "sourceOffset": 673.0,
          "sourceSize": 67.0,
          "parentSize": 740.0,
          "generatedProperty": "bottom",
          "generatedValue": "0px",
          "transform": null,
          "reason": "Collected offset and emitted CSS agree in the emitted immediate positioned parent; without a declared constraint only the captured local offset is verified.",
          "resolutionCondition": "Collect error-free local geometry and constraints; establish the emitted immediate containing block; verify MIN offset, zero CENTER offset with exact translation, or MAX margin with verified sizing, without conflicting props."
        },
        "containingBlock": {
          "parentId": "3879:35518",
          "generatedParent": "<VStack\n      bg=\"$backgroundLight\"\n      h=\"740px\"\n      overflow=\"hidden\"\n      pos=\"relative\"\n      w=\"360px\"\n    ",
          "generatedChild": "  <Flex\n        alignItems=\"center\"\n        bg=\"$containerBackground\"\n        borderTop=\"solid 1px $border\"\n        bottom=\"0px\"\n        justifyContent=\"space-between\"\n        left=\"0px\"\n        overflow=\"hidden\"\n        pos=\"absolute\"\n        px=\"10px\"\n        py=\"8px\"\n        w=\"100%\"\n      "
        }
      },
      "componentSummary": {
        "verified": [
          "height",
          "width",
          "horizontal",
          "vertical"
        ],
        "unresolved": []
      },
      "resolutionConditions": [],
      "classification": "verified-absolute-components"
    }
  },
  {
    "code": "DEVUP_CODEGEN_PROPERTY_EVIDENCE",
    "message": "Source derivation verified.",
    "nodeId": "3879:35520",
    "severity": "info",
    "fidelityImpact": "none",
    "property": "wordBreak",
    "details": {
      "stage": "text",
      "generatedProperty": "wordBreak=\"keep-all\"",
      "sourceFields": [
        "styledTextSegments[].characters"
      ],
      "originalValue": {
        "styledTextSegments[].characters": [
          "이야기가 글로 \n정리되었어요"
        ]
      },
      "calculation": "push_text_props: Korean segment text uses keep-all word breaking.",
      "elementIndex": 2,
      "propertyMappingVerified": true,
      "evidenceLimit": "No browser or SVG/CSS composition measurement."
    }
  },
  {
    "code": "DEVUP_CODEGEN_PROPERTY_EVIDENCE",
    "message": "Source derivation verified.",
    "nodeId": "3879:35523",
    "severity": "info",
    "fidelityImpact": "none",
    "property": "wordBreak",
    "details": {
      "stage": "text",
      "generatedProperty": "wordBreak=\"keep-all\"",
      "sourceFields": [
        "styledTextSegments[].characters"
      ],
      "originalValue": {
        "styledTextSegments[].characters": [
          "현재 적용된 문체 :"
        ]
      },
      "calculation": "push_text_props: Korean segment text uses keep-all word breaking.",
      "elementIndex": 6,
      "propertyMappingVerified": true,
      "evidenceLimit": "No browser or SVG/CSS composition measurement."
    }
  },
  {
    "code": "DEVUP_CODEGEN_PROPERTY_EVIDENCE",
    "message": "Source derivation verified.",
    "nodeId": "3879:35524",
    "severity": "info",
    "fidelityImpact": "none",
    "property": "wordBreak",
    "details": {
      "stage": "text",
      "generatedProperty": "wordBreak=\"keep-all\"",
      "sourceFields": [
        "styledTextSegments[].characters"
      ],
      "originalValue": {
        "styledTextSegments[].characters": [
          "담담체"
        ]
      },
      "calculation": "push_text_props: Korean segment text uses keep-all word breaking.",
      "elementIndex": 7,
      "propertyMappingVerified": true,
      "evidenceLimit": "No browser or SVG/CSS composition measurement."
    }
  },
  {
    "code": "DEVUP_CODEGEN_PROPERTY_EVIDENCE",
    "message": "Source derivation verified.",
    "nodeId": "3879:35528",
    "severity": "info",
    "fidelityImpact": "none",
    "property": "wordBreak",
    "details": {
      "stage": "text",
      "generatedProperty": "wordBreak=\"keep-all\"",
      "sourceFields": [
        "styledTextSegments[].characters"
      ],
      "originalValue": {
        "styledTextSegments[].characters": [
          "공개 설정 :"
        ]
      },
      "calculation": "push_text_props: Korean segment text uses keep-all word breaking.",
      "elementIndex": 11,
      "propertyMappingVerified": true,
      "evidenceLimit": "No browser or SVG/CSS composition measurement."
    }
  },
  {
    "code": "DEVUP_CODEGEN_PROPERTY_EVIDENCE",
    "message": "Source derivation verified.",
    "nodeId": "3879:35529",
    "severity": "info",
    "fidelityImpact": "none",
    "property": "wordBreak",
    "details": {
      "stage": "text",
      "generatedProperty": "wordBreak=\"keep-all\"",
      "sourceFields": [
        "styledTextSegments[].characters"
      ],
      "originalValue": {
        "styledTextSegments[].characters": [
          "나만 보기"
        ]
      },
      "calculation": "push_text_props: Korean segment text uses keep-all word breaking.",
      "elementIndex": 12,
      "propertyMappingVerified": true,
      "evidenceLimit": "No browser or SVG/CSS composition measurement."
    }
  },
  {
    "code": "DEVUP_CODEGEN_PROPERTY_EVIDENCE",
    "message": "Source derivation verified.",
    "nodeId": "3879:35530",
    "severity": "info",
    "fidelityImpact": "none",
    "property": "maskPos",
    "details": {
      "stage": "style",
      "generatedProperty": "maskPos=\"center\"",
      "sourceFields": [
        "fills",
        "childrenIds",
        "isAsset",
        "absoluteRenderBounds",
        "absoluteBoundingBox"
      ],
      "originalValue": {
        "childrenIds": [
          "3879:35531"
        ],
        "fills": [],
        "isAsset": true
      },
      "calculation": "SVG mask projection policy from asset_kind/same_color: maskRepeat=no-repeat, maskSize=contain, maskPos=center unless export boundary derivation overrides them.",
      "derivationPath": "svg-mask-policy",
      "context": {
        "parentNodeId": "3879:35527"
      },
      "elementIndex": 13,
      "propertyMappingVerified": true,
      "assetId": "3879:35530:node",
      "evidenceLimit": "No browser or SVG/CSS composition measurement."
    }
  },
  {
    "code": "DEVUP_CODEGEN_PROPERTY_EVIDENCE",
    "message": "Source derivation verified.",
    "nodeId": "3879:35530",
    "severity": "info",
    "fidelityImpact": "none",
    "property": "maskRepeat",
    "details": {
      "stage": "style",
      "generatedProperty": "maskRepeat=\"no-repeat\"",
      "sourceFields": [
        "fills",
        "childrenIds",
        "isAsset",
        "absoluteRenderBounds",
        "absoluteBoundingBox"
      ],
      "originalValue": {
        "childrenIds": [
          "3879:35531"
        ],
        "fills": [],
        "isAsset": true
      },
      "calculation": "SVG mask projection policy from asset_kind/same_color: maskRepeat=no-repeat, maskSize=contain, maskPos=center unless export boundary derivation overrides them.",
      "derivationPath": "svg-mask-policy",
      "context": {
        "parentNodeId": "3879:35527"
      },
      "elementIndex": 13,
      "propertyMappingVerified": true,
      "assetId": "3879:35530:node",
      "evidenceLimit": "No browser or SVG/CSS composition measurement."
    }
  },
  {
    "code": "DEVUP_CODEGEN_PROPERTY_EVIDENCE",
    "message": "Source derivation verified.",
    "nodeId": "3879:35530",
    "severity": "info",
    "fidelityImpact": "none",
    "property": "maskSize",
    "details": {
      "stage": "style",
      "generatedProperty": "maskSize=\"contain\"",
      "sourceFields": [
        "fills",
        "childrenIds",
        "isAsset",
        "absoluteRenderBounds",
        "absoluteBoundingBox"
      ],
      "originalValue": {
        "childrenIds": [
          "3879:35531"
        ],
        "fills": [],
        "isAsset": true
      },
      "calculation": "SVG mask projection policy from asset_kind/same_color: maskRepeat=no-repeat, maskSize=contain, maskPos=center unless export boundary derivation overrides them.",
      "derivationPath": "svg-mask-policy",
      "context": {
        "parentNodeId": "3879:35527"
      },
      "elementIndex": 13,
      "propertyMappingVerified": true,
      "assetId": "3879:35530:node",
      "evidenceLimit": "No browser or SVG/CSS composition measurement."
    }
  },
  {
    "code": "DEVUP_CODEGEN_PROPERTY_EVIDENCE",
    "message": "Source derivation verified.",
    "nodeId": "3879:35530",
    "severity": "info",
    "fidelityImpact": "none",
    "property": "transform",
    "details": {
      "stage": "layout",
      "generatedProperty": "transform=\"rotate(90deg)\"",
      "sourceFields": [
        "rotation",
        "relativeTransform",
        "absoluteBoundingBox",
        "absoluteRenderBounds",
        "constraints",
        "x",
        "y",
        "parentId"
      ],
      "originalValue": {
        "constraints": {
          "horizontal": "MIN",
          "vertical": "MIN"
        },
        "parentId": "3879:35527",
        "rotation": -90,
        "x": 170,
        "y": 6.5
      },
      "calculation": "Layout/style transform composition from rotation, placement and CENTER constraints; asset exports may already bake rotation. The emitted expression is compared with the responsible stage.",
      "context": {
        "rootLayout": "standalone",
        "isRenderRoot": false,
        "parentNodeId": "3879:35527"
      },
      "elementIndex": 13,
      "propertyMappingVerified": true,
      "assetId": "3879:35530:node",
      "evidenceLimit": "No browser or SVG/CSS composition measurement."
    }
  },
  {
    "code": "DEVUP_CODEGEN_PROPERTY_EVIDENCE",
    "message": "Source derivation verified.",
    "nodeId": "3879:35534",
    "severity": "info",
    "fidelityImpact": "none",
    "property": "flexShrink",
    "details": {
      "stage": "layout",
      "generatedProperty": "flexShrink=\"0\"",
      "sourceFields": [
        "layoutSizingHorizontal",
        "layoutSizingVertical",
        "layoutGrow",
        "parentId",
        "width",
        "height"
      ],
      "originalValue": {
        "height": 40,
        "layoutSizingHorizontal": "FIXED",
        "layoutSizingVertical": "FIXED",
        "parentId": "3879:35533",
        "width": 40
      },
      "calculation": "push_layout_props: preserve the fixed primary-axis size in the parent flex layout by disabling shrink.",
      "context": {
        "rootLayout": "standalone",
        "isRenderRoot": false,
        "parentNodeId": "3879:35533"
      },
      "elementIndex": 16,
      "propertyMappingVerified": true,
      "assetId": "3879:35534:node",
      "evidenceLimit": "No browser or SVG/CSS composition measurement."
    }
  },
  {
    "code": "DEVUP_CODEGEN_PROPERTY_EVIDENCE",
    "message": "Source derivation verified.",
    "nodeId": "3879:35534",
    "severity": "info",
    "fidelityImpact": "none",
    "property": "maskPos",
    "details": {
      "stage": "style",
      "generatedProperty": "maskPos=\"center\"",
      "sourceFields": [
        "fills",
        "childrenIds",
        "isAsset",
        "absoluteRenderBounds",
        "absoluteBoundingBox"
      ],
      "originalValue": {
        "childrenIds": [
          "I3879:35534;20:3849"
        ],
        "fills": [],
        "isAsset": true
      },
      "calculation": "SVG mask projection policy from asset_kind/same_color: maskRepeat=no-repeat, maskSize=contain, maskPos=center unless export boundary derivation overrides them.",
      "derivationPath": "svg-mask-policy",
      "context": {
        "parentNodeId": "3879:35533"
      },
      "elementIndex": 16,
      "propertyMappingVerified": true,
      "assetId": "3879:35534:node",
      "evidenceLimit": "No browser or SVG/CSS composition measurement."
    }
  },
  {
    "code": "DEVUP_CODEGEN_PROPERTY_EVIDENCE",
    "message": "Source derivation verified.",
    "nodeId": "3879:35534",
    "severity": "info",
    "fidelityImpact": "none",
    "property": "maskRepeat",
    "details": {
      "stage": "style",
      "generatedProperty": "maskRepeat=\"no-repeat\"",
      "sourceFields": [
        "fills",
        "childrenIds",
        "isAsset",
        "absoluteRenderBounds",
        "absoluteBoundingBox"
      ],
      "originalValue": {
        "childrenIds": [
          "I3879:35534;20:3849"
        ],
        "fills": [],
        "isAsset": true
      },
      "calculation": "SVG mask projection policy from asset_kind/same_color: maskRepeat=no-repeat, maskSize=contain, maskPos=center unless export boundary derivation overrides them.",
      "derivationPath": "svg-mask-policy",
      "context": {
        "parentNodeId": "3879:35533"
      },
      "elementIndex": 16,
      "propertyMappingVerified": true,
      "assetId": "3879:35534:node",
      "evidenceLimit": "No browser or SVG/CSS composition measurement."
    }
  },
  {
    "code": "DEVUP_CODEGEN_PROPERTY_EVIDENCE",
    "message": "Source derivation verified.",
    "nodeId": "3879:35534",
    "severity": "info",
    "fidelityImpact": "none",
    "property": "maskSize",
    "details": {
      "stage": "style",
      "generatedProperty": "maskSize=\"contain\"",
      "sourceFields": [
        "fills",
        "childrenIds",
        "isAsset",
        "absoluteRenderBounds",
        "absoluteBoundingBox"
      ],
      "originalValue": {
        "childrenIds": [
          "I3879:35534;20:3849"
        ],
        "fills": [],
        "isAsset": true
      },
      "calculation": "SVG mask projection policy from asset_kind/same_color: maskRepeat=no-repeat, maskSize=contain, maskPos=center unless export boundary derivation overrides them.",
      "derivationPath": "svg-mask-policy",
      "context": {
        "parentNodeId": "3879:35533"
      },
      "elementIndex": 16,
      "propertyMappingVerified": true,
      "assetId": "3879:35534:node",
      "evidenceLimit": "No browser or SVG/CSS composition measurement."
    }
  },
  {
    "code": "DEVUP_CODEGEN_PROPERTY_EVIDENCE",
    "message": "Source derivation verified.",
    "nodeId": "3879:35535",
    "severity": "info",
    "fidelityImpact": "none",
    "property": "wordBreak",
    "details": {
      "stage": "text",
      "generatedProperty": "wordBreak=\"keep-all\"",
      "sourceFields": [
        "styledTextSegments[].characters"
      ],
      "originalValue": {
        "styledTextSegments[].characters": [
          "[여기]",
          "를 눌러 이야기에 \n어울리는 사진을 추가해보세요.\r\n사진은 선택사항이며, \n나중에 천천히 추가하셔도 괜찮습니다."
        ]
      },
      "calculation": "push_text_props: Korean segment text uses keep-all word breaking.",
      "elementIndex": 17,
      "propertyMappingVerified": true,
      "evidenceLimit": "No browser or SVG/CSS composition measurement."
    }
  },
  {
    "code": "DEVUP_CODEGEN_PROPERTY_EVIDENCE",
    "message": "Source derivation verified.",
    "nodeId": "3879:35536",
    "severity": "info",
    "fidelityImpact": "none",
    "property": "wordBreak",
    "details": {
      "stage": "text",
      "generatedProperty": "wordBreak=\"keep-all\"",
      "sourceFields": [
        "styledTextSegments[].characters"
      ],
      "originalValue": {
        "styledTextSegments[].characters": [
          "사진은 책에 인쇄하기 위해 고화질 사진(긴 쪽 기준 최소 1000px)만 업로드할 수 있어요."
        ]
      },
      "calculation": "push_text_props: Korean segment text uses keep-all word breaking.",
      "elementIndex": 22,
      "propertyMappingVerified": true,
      "evidenceLimit": "No browser or SVG/CSS composition measurement."
    }
  },
  {
    "code": "DEVUP_CODEGEN_PROPERTY_EVIDENCE",
    "message": "Source derivation verified.",
    "nodeId": "3879:35539",
    "severity": "info",
    "fidelityImpact": "none",
    "property": "wordBreak",
    "details": {
      "stage": "text",
      "generatedProperty": "wordBreak=\"keep-all\"",
      "sourceFields": [
        "styledTextSegments[].characters"
      ],
      "originalValue": {
        "styledTextSegments[].characters": [
          "각 단락을 선택해서 고유명사를 수정하거나, \n의도와 다르게 작성된 이야기를 원하는 내용으로 직접 바꿀 수 있습니다. "
        ]
      },
      "calculation": "push_text_props: Korean segment text uses keep-all word breaking.",
      "elementIndex": 25,
      "propertyMappingVerified": true,
      "evidenceLimit": "No browser or SVG/CSS composition measurement."
    }
  },
  {
    "code": "DEVUP_CODEGEN_PROPERTY_EVIDENCE",
    "message": "Source derivation verified.",
    "nodeId": "3879:35541",
    "severity": "info",
    "fidelityImpact": "none",
    "property": "maskPos",
    "details": {
      "stage": "style",
      "generatedProperty": "maskPos=\"center\"",
      "sourceFields": [
        "fills",
        "childrenIds",
        "isAsset",
        "absoluteRenderBounds",
        "absoluteBoundingBox"
      ],
      "originalValue": {
        "childrenIds": [
          "3879:35542"
        ],
        "fills": [],
        "isAsset": true
      },
      "calculation": "SVG mask projection policy from asset_kind/same_color: maskRepeat=no-repeat, maskSize=contain, maskPos=center unless export boundary derivation overrides them.",
      "derivationPath": "svg-mask-policy",
      "context": {
        "parentNodeId": "3879:35540"
      },
      "elementIndex": 28,
      "propertyMappingVerified": true,
      "assetId": "3879:35541:node",
      "evidenceLimit": "No browser or SVG/CSS composition measurement."
    }
  },
  {
    "code": "DEVUP_CODEGEN_PROPERTY_EVIDENCE",
    "message": "Source derivation verified.",
    "nodeId": "3879:35541",
    "severity": "info",
    "fidelityImpact": "none",
    "property": "maskRepeat",
    "details": {
      "stage": "style",
      "generatedProperty": "maskRepeat=\"no-repeat\"",
      "sourceFields": [
        "fills",
        "childrenIds",
        "isAsset",
        "absoluteRenderBounds",
        "absoluteBoundingBox"
      ],
      "originalValue": {
        "childrenIds": [
          "3879:35542"
        ],
        "fills": [],
        "isAsset": true
      },
      "calculation": "SVG mask projection policy from asset_kind/same_color: maskRepeat=no-repeat, maskSize=contain, maskPos=center unless export boundary derivation overrides them.",
      "derivationPath": "svg-mask-policy",
      "context": {
        "parentNodeId": "3879:35540"
      },
      "elementIndex": 28,
      "propertyMappingVerified": true,
      "assetId": "3879:35541:node",
      "evidenceLimit": "No browser or SVG/CSS composition measurement."
    }
  },
  {
    "code": "DEVUP_CODEGEN_PROPERTY_EVIDENCE",
    "message": "Source derivation verified.",
    "nodeId": "3879:35541",
    "severity": "info",
    "fidelityImpact": "none",
    "property": "maskSize",
    "details": {
      "stage": "style",
      "generatedProperty": "maskSize=\"contain\"",
      "sourceFields": [
        "fills",
        "childrenIds",
        "isAsset",
        "absoluteRenderBounds",
        "absoluteBoundingBox"
      ],
      "originalValue": {
        "childrenIds": [
          "3879:35542"
        ],
        "fills": [],
        "isAsset": true
      },
      "calculation": "SVG mask projection policy from asset_kind/same_color: maskRepeat=no-repeat, maskSize=contain, maskPos=center unless export boundary derivation overrides them.",
      "derivationPath": "svg-mask-policy",
      "context": {
        "parentNodeId": "3879:35540"
      },
      "elementIndex": 28,
      "propertyMappingVerified": true,
      "assetId": "3879:35541:node",
      "evidenceLimit": "No browser or SVG/CSS composition measurement."
    }
  },
  {
    "code": "DEVUP_CODEGEN_PROPERTY_EVIDENCE",
    "message": "Source derivation verified.",
    "nodeId": "3879:35541",
    "severity": "info",
    "fidelityImpact": "none",
    "property": "transform",
    "details": {
      "stage": "layout",
      "generatedProperty": "transform=\"rotate(180deg)\"",
      "sourceFields": [
        "rotation",
        "relativeTransform",
        "absoluteBoundingBox",
        "absoluteRenderBounds",
        "constraints",
        "x",
        "y",
        "parentId"
      ],
      "originalValue": {
        "constraints": {
          "horizontal": "MIN",
          "vertical": "MIN"
        },
        "parentId": "3879:35540",
        "rotation": -180,
        "x": 30,
        "y": 10
      },
      "calculation": "Layout/style transform composition from rotation, placement and CENTER constraints; asset exports may already bake rotation. The emitted expression is compared with the responsible stage.",
      "context": {
        "rootLayout": "standalone",
        "isRenderRoot": false,
        "parentNodeId": "3879:35540"
      },
      "elementIndex": 28,
      "propertyMappingVerified": true,
      "assetId": "3879:35541:node",
      "evidenceLimit": "No browser or SVG/CSS composition measurement."
    }
  },
  {
    "code": "DEVUP_CODEGEN_PROPERTY_EVIDENCE",
    "message": "Source derivation verified.",
    "nodeId": "I3879:35545;1690:32933",
    "severity": "info",
    "fidelityImpact": "none",
    "property": "wordBreak",
    "details": {
      "stage": "text",
      "generatedProperty": "wordBreak=\"keep-all\"",
      "sourceFields": [
        "styledTextSegments[].characters"
      ],
      "originalValue": {
        "styledTextSegments[].characters": [
          "제목"
        ]
      },
      "calculation": "push_text_props: Korean segment text uses keep-all word breaking.",
      "elementIndex": 32,
      "propertyMappingVerified": true,
      "evidenceLimit": "No browser or SVG/CSS composition measurement."
    }
  },
  {
    "code": "DEVUP_CODEGEN_PROPERTY_EVIDENCE",
    "message": "Source derivation verified.",
    "nodeId": "I3879:35545;1690:32947",
    "severity": "info",
    "fidelityImpact": "none",
    "property": "wordBreak",
    "details": {
      "stage": "text",
      "generatedProperty": "wordBreak=\"keep-all\"",
      "sourceFields": [
        "styledTextSegments[].characters"
      ],
      "originalValue": {
        "styledTextSegments[].characters": [
          "수정"
        ]
      },
      "calculation": "push_text_props: Korean segment text uses keep-all word breaking.",
      "elementIndex": 35,
      "propertyMappingVerified": true,
      "evidenceLimit": "No browser or SVG/CSS composition measurement."
    }
  },
  {
    "code": "DEVUP_CODEGEN_PROPERTY_EVIDENCE",
    "message": "Source derivation verified.",
    "nodeId": "3879:35547",
    "severity": "info",
    "fidelityImpact": "none",
    "property": "wordBreak",
    "details": {
      "stage": "text",
      "generatedProperty": "wordBreak=\"keep-all\"",
      "sourceFields": [
        "styledTextSegments[].characters"
      ],
      "originalValue": {
        "styledTextSegments[].characters": [
          "작은 시장, 큰 사랑"
        ]
      },
      "calculation": "push_text_props: Korean segment text uses keep-all word breaking.",
      "elementIndex": 37,
      "propertyMappingVerified": true,
      "evidenceLimit": "No browser or SVG/CSS composition measurement."
    }
  },
  {
    "code": "DEVUP_CODEGEN_PROPERTY_EVIDENCE",
    "message": "Source derivation verified.",
    "nodeId": "I3879:35549;1690:32933",
    "severity": "info",
    "fidelityImpact": "none",
    "property": "wordBreak",
    "details": {
      "stage": "text",
      "generatedProperty": "wordBreak=\"keep-all\"",
      "sourceFields": [
        "styledTextSegments[].characters"
      ],
      "originalValue": {
        "styledTextSegments[].characters": [
          "1단락"
        ]
      },
      "calculation": "push_text_props: Korean segment text uses keep-all word breaking.",
      "elementIndex": 40,
      "propertyMappingVerified": true,
      "evidenceLimit": "No browser or SVG/CSS composition measurement."
    }
  },
  {
    "code": "DEVUP_CODEGEN_PROPERTY_EVIDENCE",
    "message": "Source derivation verified.",
    "nodeId": "I3879:35549;1690:32947",
    "severity": "info",
    "fidelityImpact": "none",
    "property": "wordBreak",
    "details": {
      "stage": "text",
      "generatedProperty": "wordBreak=\"keep-all\"",
      "sourceFields": [
        "styledTextSegments[].characters"
      ],
      "originalValue": {
        "styledTextSegments[].characters": [
          "수정"
        ]
      },
      "calculation": "push_text_props: Korean segment text uses keep-all word breaking.",
      "elementIndex": 43,
      "propertyMappingVerified": true,
      "evidenceLimit": "No browser or SVG/CSS composition measurement."
    }
  },
  {
    "code": "DEVUP_CODEGEN_PROPERTY_EVIDENCE",
    "message": "Source derivation verified.",
    "nodeId": "3879:35551",
    "severity": "info",
    "fidelityImpact": "none",
    "property": "wordBreak",
    "details": {
      "stage": "text",
      "generatedProperty": "wordBreak=\"keep-all\"",
      "sourceFields": [
        "styledTextSegments[].characters"
      ],
      "originalValue": {
        "styledTextSegments[].characters": [
          "학교를 마치고 집으로 돌아오던 늦은 오후였다. 가방을 메고 좁은 골목길을 따라 시장 쪽으로 걸어가는데, 어디선가 군밤 굽는 냄새가 솔솔 풍겨왔다. 구수하고 달큰한 향이 코끝을 간질이자, 학교 끝나고 집에 가는 길이 조금은 설레였다.\n\n겨울이 다가오고 있었고, 해는 이미 많이 기울어 있었다. 시장 입구에 들어서자, 늘 그렇듯 분주한 풍경이 눈에 들어왔다. 가게 앞에 나란히 놓인 귤 상자, 손님을 부르는 상인들의 목소리, 생선 비린내와 튀김 기름 냄새가 뒤섞인 공기. 그때 나는 사람들 사이로 장을 보고 계신 어머니의 모습을 발견했다."
        ]
      },
      "calculation": "push_text_props: Korean segment text uses keep-all word breaking.",
      "elementIndex": 45,
      "propertyMappingVerified": true,
      "evidenceLimit": "No browser or SVG/CSS composition measurement."
    }
  },
  {
    "code": "DEVUP_CODEGEN_PROPERTY_EVIDENCE",
    "message": "Source derivation verified.",
    "nodeId": "I3879:35553;1690:32933",
    "severity": "info",
    "fidelityImpact": "none",
    "property": "wordBreak",
    "details": {
      "stage": "text",
      "generatedProperty": "wordBreak=\"keep-all\"",
      "sourceFields": [
        "styledTextSegments[].characters"
      ],
      "originalValue": {
        "styledTextSegments[].characters": [
          "2단락"
        ]
      },
      "calculation": "push_text_props: Korean segment text uses keep-all word breaking.",
      "elementIndex": 50,
      "propertyMappingVerified": true,
      "evidenceLimit": "No browser or SVG/CSS composition measurement."
    }
  },
  {
    "code": "DEVUP_CODEGEN_PROPERTY_EVIDENCE",
    "message": "Source derivation verified.",
    "nodeId": "I3879:35553;1690:32947",
    "severity": "info",
    "fidelityImpact": "none",
    "property": "wordBreak",
    "details": {
      "stage": "text",
      "generatedProperty": "wordBreak=\"keep-all\"",
      "sourceFields": [
        "styledTextSegments[].characters"
      ],
      "originalValue": {
        "styledTextSegments[].characters": [
          "수정"
        ]
      },
      "calculation": "push_text_props: Korean segment text uses keep-all word breaking.",
      "elementIndex": 53,
      "propertyMappingVerified": true,
      "evidenceLimit": "No browser or SVG/CSS composition measurement."
    }
  },
  {
    "code": "DEVUP_CODEGEN_PROPERTY_EVIDENCE",
    "message": "Source derivation verified.",
    "nodeId": "3879:35555",
    "severity": "info",
    "fidelityImpact": "none",
    "property": "wordBreak",
    "details": {
      "stage": "text",
      "generatedProperty": "wordBreak=\"keep-all\"",
      "sourceFields": [
        "styledTextSegments[].characters"
      ],
      "originalValue": {
        "styledTextSegments[].characters": [
          "“엄마!”\n\n나는 반가운 마음에 큰 소리로 어머니를 불렀다. 어머니는 미역이 담긴 비닐봉지를 고르고 계셨는데, 내 목소리에 깜짝 놀라시더니 고개를 돌려 나를 보셨다. 순간 어머니의 얼굴에 번져가는 웃음이 얼마나 따뜻하고 아름다웠는지 모른다. 놀라움이 가득한 표정에서 환한 미소로 변해가는 그 표정을, 나는 아직도 잊을 수 없다.\n\n“우리 ",
          "[1. 이름]",
          " 왔어?”\n\n어머니는 장바구니를 들어 올리며 내 앞까지 걸어오셨다. 얼굴에는 하루의 피로가 묻어 있었지만, 나를 보는 눈빛은 그 어떤 보석보다 반짝였다. 나는 어머니가 드신 장바구니를 대신 들어드리려고 손을 뻗었지만, 어머니는 살짝 웃으며 고개를 저으셨다.\n\n“괜찮아. 엄마가 들 수 있어. ",
          "[1. 이름]",
          " 학교 끝났어? 배고프지?”"
        ]
      },
      "calculation": "push_text_props: Korean segment text uses keep-all word breaking.",
      "elementIndex": 55,
      "propertyMappingVerified": true,
      "evidenceLimit": "No browser or SVG/CSS composition measurement."
    }
  },
  {
    "code": "DEVUP_CODEGEN_PROPERTY_EVIDENCE",
    "message": "Source derivation verified.",
    "nodeId": "I3879:35557;1690:32933",
    "severity": "info",
    "fidelityImpact": "none",
    "property": "wordBreak",
    "details": {
      "stage": "text",
      "generatedProperty": "wordBreak=\"keep-all\"",
      "sourceFields": [
        "styledTextSegments[].characters"
      ],
      "originalValue": {
        "styledTextSegments[].characters": [
          "3단락"
        ]
      },
      "calculation": "push_text_props: Korean segment text uses keep-all word breaking.",
      "elementIndex": 68,
      "propertyMappingVerified": true,
      "evidenceLimit": "No browser or SVG/CSS composition measurement."
    }
  },
  {
    "code": "DEVUP_CODEGEN_PROPERTY_EVIDENCE",
    "message": "Source derivation verified.",
    "nodeId": "I3879:35557;1690:32947",
    "severity": "info",
    "fidelityImpact": "none",
    "property": "wordBreak",
    "details": {
      "stage": "text",
      "generatedProperty": "wordBreak=\"keep-all\"",
      "sourceFields": [
        "styledTextSegments[].characters"
      ],
      "originalValue": {
        "styledTextSegments[].characters": [
          "수정"
        ]
      },
      "calculation": "push_text_props: Korean segment text uses keep-all word breaking.",
      "elementIndex": 71,
      "propertyMappingVerified": true,
      "evidenceLimit": "No browser or SVG/CSS composition measurement."
    }
  },
  {
    "code": "DEVUP_CODEGEN_PROPERTY_EVIDENCE",
    "message": "Source derivation verified.",
    "nodeId": "3879:35559",
    "severity": "info",
    "fidelityImpact": "none",
    "property": "wordBreak",
    "details": {
      "stage": "text",
      "generatedProperty": "wordBreak=\"keep-all\"",
      "sourceFields": [
        "styledTextSegments[].characters"
      ],
      "originalValue": {
        "styledTextSegments[].characters": [
          "나는 고개를 끄덕였다. 사실 점심을 먹고도 오후 수업 내내 배가 고팠다. 그날 따라 학교 급식으로 나온 미역국은 너무 싱거웠고, 반찬도 입에 잘 맞지 않았다. 그래서인지 방과 후의 시장은 더욱 풍요롭게 느껴졌다. 시장 어귀에 있는 떡볶이 가게에서는 매콤달콤한 양념 냄새가 풍겨왔고, 튀김 옆에서는 순대와 오뎅 국물이 모락모락 김을 피우고 있었다.\n\n어머니는 내 손을 잡고 떡볶이 집 앞에 멈추셨다.\n\n“오늘은 떡볶이 먹고 갈까?”\n\n나는 두 눈을 반짝이며 고개를 끄덕였다. 어머니는 웃으며 천 원짜리 두 장을 떡볶이 아줌마에게 내셨고, 우리는 떡볶이와 오뎅 두 개를 받았다. 김이 모락모락 나는 떡볶이를 한 입 베어무는 순간, 달고 맵고 뜨거운 맛이 입안 가득 번졌다. 혀끝이 얼얼했지만, 너무 맛있어서 눈물이 날 뻔했다.\n\n어머니는 내 옆에서 오뎅 국물을 후후 불어 드셨다. 그 모습이 참 편안하고 따뜻해 보였다. 시장의 소음 속에서, 우리는 그렇게 둘만의 시간을 보냈다. 어머니는 가끔씩 내 머리를 쓰다듬어 주셨다. 손끝에서 전해지는 온기가 내 마음을 간질이며, 이상하게도 울고 싶어졌다."
        ]
      },
      "calculation": "push_text_props: Korean segment text uses keep-all word breaking.",
      "elementIndex": 73,
      "propertyMappingVerified": true,
      "evidenceLimit": "No browser or SVG/CSS composition measurement."
    }
  },
  {
    "code": "DEVUP_CODEGEN_PROPERTY_EVIDENCE",
    "message": "Source derivation verified.",
    "nodeId": "I3879:35561;1690:32933",
    "severity": "info",
    "fidelityImpact": "none",
    "property": "wordBreak",
    "details": {
      "stage": "text",
      "generatedProperty": "wordBreak=\"keep-all\"",
      "sourceFields": [
        "styledTextSegments[].characters"
      ],
      "originalValue": {
        "styledTextSegments[].characters": [
          "4단락"
        ]
      },
      "calculation": "push_text_props: Korean segment text uses keep-all word breaking.",
      "elementIndex": 84,
      "propertyMappingVerified": true,
      "evidenceLimit": "No browser or SVG/CSS composition measurement."
    }
  },
  {
    "code": "DEVUP_CODEGEN_PROPERTY_EVIDENCE",
    "message": "Source derivation verified.",
    "nodeId": "I3879:35561;1690:32947",
    "severity": "info",
    "fidelityImpact": "none",
    "property": "wordBreak",
    "details": {
      "stage": "text",
      "generatedProperty": "wordBreak=\"keep-all\"",
      "sourceFields": [
        "styledTextSegments[].characters"
      ],
      "originalValue": {
        "styledTextSegments[].characters": [
          "수정"
        ]
      },
      "calculation": "push_text_props: Korean segment text uses keep-all word breaking.",
      "elementIndex": 87,
      "propertyMappingVerified": true,
      "evidenceLimit": "No browser or SVG/CSS composition measurement."
    }
  },
  {
    "code": "DEVUP_CODEGEN_PROPERTY_EVIDENCE",
    "message": "Source derivation verified.",
    "nodeId": "3879:35563",
    "severity": "info",
    "fidelityImpact": "none",
    "property": "wordBreak",
    "details": {
      "stage": "text",
      "generatedProperty": "wordBreak=\"keep-all\"",
      "sourceFields": [
        "styledTextSegments[].characters"
      ],
      "originalValue": {
        "styledTextSegments[].characters": [
          "그때 나는 몰랐다. 어머니가 그날 장바구니에 담았던 미역과 두부, 콩나물과 달걀을 가지고 집에 가셔서, 얼마나 정성스럽게 저녁상을 차리셨는지. 나중에야 알았다. 하루 종일 서서 일하고, 시장까지 들렀다가도 내 얼굴을 보며 웃어주던 그 미소 뒤에, 얼마나 큰 사랑과 노력이 숨어 있었는지를.\n\n집으로 돌아오는 길, 어머니와 나는 나란히 걸었다. 어머니의 코트 깃에는 생선 비린내와 미역 냄새가 살짝 묻어 있었지만, 나는 그 냄새가 좋았다. 왠지 모르게 든든했고, 집에 간다는 느낌이 들어서 마음이 편안해졌다.\n\n그날 저녁, 어머니는 미역국을 끓여주셨다. 따뜻한 국물 한 숟가락을 떠먹는 순간, 학교 급식으로 먹었던 싱거운 미역국은 잊혀지고, 어머니의 국물이야말로 진짜 미역국이라는 생각이 들었다. 부드럽고 고소하면서도, 뱃속까지 따뜻해지는 그 맛. 나는 밥그릇을 비우고 나서야, 배가 부른 게 아니라 마음이 든든해진다는 것을 알았다.\n\n그리고 지금도, 살아가는 일이 힘들고 지칠 때면 그날의 기억이 떠오른다. 시장에서 나를 보고 환하게 웃으시던 어머니의 얼굴, 따뜻한 떡볶이와 오뎅 국물의 맛, 그리고 겨울 저녁집으로 돌아오던 길의 포근한 공기. 그 모든 것들이 내 안에서 작은 등불처럼 빛나며, 다시 일어설 힘을 준다."
        ]
      },
      "calculation": "push_text_props: Korean segment text uses keep-all word breaking.",
      "elementIndex": 89,
      "propertyMappingVerified": true,
      "evidenceLimit": "No browser or SVG/CSS composition measurement."
    }
  },
  {
    "code": "DEVUP_CODEGEN_PROPERTY_EVIDENCE",
    "message": "Source derivation verified.",
    "nodeId": "3879:35566",
    "severity": "info",
    "fidelityImpact": "none",
    "property": "wordBreak",
    "details": {
      "stage": "text",
      "generatedProperty": "wordBreak=\"keep-all\"",
      "sourceFields": [
        "styledTextSegments[].characters"
      ],
      "originalValue": {
        "styledTextSegments[].characters": [
          "편집 설정"
        ]
      },
      "calculation": "push_text_props: Korean segment text uses keep-all word breaking.",
      "elementIndex": 98,
      "propertyMappingVerified": true,
      "evidenceLimit": "No browser or SVG/CSS composition measurement."
    }
  },
  {
    "code": "DEVUP_CODEGEN_PROPERTY_EVIDENCE",
    "message": "Source derivation verified.",
    "nodeId": "3879:35568",
    "severity": "info",
    "fidelityImpact": "none",
    "property": "wordBreak",
    "details": {
      "stage": "text",
      "generatedProperty": "wordBreak=\"keep-all\"",
      "sourceFields": [
        "styledTextSegments[].characters"
      ],
      "originalValue": {
        "styledTextSegments[].characters": [
          "검토 완료"
        ]
      },
      "calculation": "push_text_props: Korean segment text uses keep-all word breaking.",
      "elementIndex": 100,
      "propertyMappingVerified": true,
      "evidenceLimit": "No browser or SVG/CSS composition measurement."
    }
  }
]
