---
source: crates/devup-mcp-devup-ui/tests/wquw_151.rs
expression: json!(output.diagnostics)
---
[
  {
    "code": "DEVUP_CODEGEN_ABSOLUTE_FALLBACK",
    "message": "절대 배치는 position props로 제한적으로 변환됩니다.",
    "nodeId": "3879:35540"
  },
  {
    "code": "DEVUP_CODEGEN_ABSOLUTE_FALLBACK",
    "message": "절대 배치는 position props로 제한적으로 변환됩니다.",
    "nodeId": "3879:35564"
  }
]
